------------------------------------------------------------
Timing Analyzer Summary
------------------------------------------------------------

Type  : Slow 1200mV 85C Model Setup 'CLOCK_50'
Slack : 10.016
TNS   : 0.000

Type  : Slow 1200mV 85C Model Setup 'ip1|altpll_component|auto_generated|pll1|clk[0]'
Slack : 35.111
TNS   : 0.000

Type  : Slow 1200mV 85C Model Hold 'ip1|altpll_component|auto_generated|pll1|clk[0]'
Slack : 0.445
TNS   : 0.000

Type  : Slow 1200mV 85C Model Hold 'CLOCK_50'
Slack : 2.472
TNS   : 0.000

Type  : Slow 1200mV 85C Model Minimum Pulse Width 'CLOCK_50'
Slack : 9.682
TNS   : 0.000

Type  : Slow 1200mV 85C Model Minimum Pulse Width 'ip1|altpll_component|auto_generated|pll1|clk[0]'
Slack : 19.707
TNS   : 0.000

Type  : Slow 1200mV 0C Model Setup 'CLOCK_50'
Slack : 10.770
TNS   : 0.000

Type  : Slow 1200mV 0C Model Setup 'ip1|altpll_component|auto_generated|pll1|clk[0]'
Slack : 35.486
TNS   : 0.000

Type  : Slow 1200mV 0C Model Hold 'ip1|altpll_component|auto_generated|pll1|clk[0]'
Slack : 0.404
TNS   : 0.000

Type  : Slow 1200mV 0C Model Hold 'CLOCK_50'
Slack : 2.407
TNS   : 0.000

Type  : Slow 1200mV 0C Model Minimum Pulse Width 'CLOCK_50'
Slack : 9.690
TNS   : 0.000

Type  : Slow 1200mV 0C Model Minimum Pulse Width 'ip1|altpll_component|auto_generated|pll1|clk[0]'
Slack : 19.709
TNS   : 0.000

Type  : Fast 1200mV 0C Model Setup 'CLOCK_50'
Slack : 15.103
TNS   : 0.000

Type  : Fast 1200mV 0C Model Setup 'ip1|altpll_component|auto_generated|pll1|clk[0]'
Slack : 37.533
TNS   : 0.000

Type  : Fast 1200mV 0C Model Hold 'ip1|altpll_component|auto_generated|pll1|clk[0]'
Slack : 0.203
TNS   : 0.000

Type  : Fast 1200mV 0C Model Hold 'CLOCK_50'
Slack : 0.961
TNS   : 0.000

Type  : Fast 1200mV 0C Model Minimum Pulse Width 'CLOCK_50'
Slack : 9.268
TNS   : 0.000

Type  : Fast 1200mV 0C Model Minimum Pulse Width 'ip1|altpll_component|auto_generated|pll1|clk[0]'
Slack : 19.779
TNS   : 0.000

------------------------------------------------------------
